#-----------------------------------------------------------
# Vivado v2024.2 (64-bit)
# SW Build 5239630 on Fri Nov 08 22:35:27 MST 2024
# IP Build 5239520 on Sun Nov 10 16:12:51 MST 2024
# SharedData Build 5239561 on Fri Nov 08 14:39:27 MST 2024
# Start of session at: Mon Mar 31 11:14:26 2025
# Process ID         : 80020
# Current directory  : C:/Users/4510181/Downloads/Git/AX7050_Test/project_1/project_1.runs/synth_1
# Command line       : vivado.exe -log led_test.vds -product Vivado -mode batch -messageDb vivado.pb -notrace -source led_test.tcl
# Log file           : C:/Users/4510181/Downloads/Git/AX7050_Test/project_1/project_1.runs/synth_1/led_test.vds
# Journal file       : C:/Users/4510181/Downloads/Git/AX7050_Test/project_1/project_1.runs/synth_1\vivado.jou
# Running On         : 451-cmp-davidc
# Platform           : Windows Server 2016 or Windows 10
# Operating System   : 22631
# Processor Detail   : Intel(R) Xeon(R) W-2123 CPU @ 3.60GHz
# CPU Frequency      : 3600 MHz
# CPU Physical cores : 4
# CPU Logical cores  : 8
# Host memory        : 34073 MB
# Swap memory        : 28177 MB
# Total Virtual      : 62251 MB
# Available Virtual  : 13031 MB
#-----------------------------------------------------------
source led_test.tcl -notrace
